
> mtg-blog-automation@1.0.0 build
> tsc -b && vite build && node scripts/generate-sitemap.js

[36mvite v6.3.5 [32mbuilding for production...[36m[39m
transforming...
[32m✓[39m 6879 modules transformed.
[33m[plugin vite:reporter] 
(!) C:/Users/Administrator/.cursor-projects/projects/AIDeckTutor/src/utils/scryfallAPI.js is dynamically imported by C:/Users/Administrator/.cursor-projects/projects/AIDeckTutor/src/hooks/useAutoDeckBuilder.js but also statically imported by C:/Users/Administrator/.cursor-projects/projects/AIDeckTutor/src/components/debug/CardDebugger.jsx, C:/Users/Administrator/.cursor-projects/projects/AIDeckTutor/src/components/deck/CardCategory.jsx, C:/Users/Administrator/.cursor-projects/projects/AIDeckTutor/src/components/deck/ValidationResults.jsx, C:/Users/Administrator/.cursor-projects/projects/AIDeckTutor/src/components/search/CommanderSearch.jsx, C:/Users/Administrator/.cursor-projects/projects/AIDeckTutor/src/components/search/SearchResults.jsx, C:/Users/Administrator/.cursor-projects/projects/AIDeckTutor/src/components/ui/EnhancedCardImage.jsx, C:/Users/Administrator/.cursor-projects/projects/AIDeckTutor/src/context/DeckContext.jsx, C:/Users/Administrator/.cursor-projects/projects/AIDeckTutor/src/hooks/useCardSearch.js, C:/Users/Administrator/.cursor-projects/projects/AIDeckTutor/src/pages/CardSearchPage.jsx, C:/Users/Administrator/.cursor-projects/projects/AIDeckTutor/src/pages/DeckViewer.jsx, C:/Users/Administrator/.cursor-projects/projects/AIDeckTutor/src/services/deckImportService.js, dynamic import will not move module into another chunk.
[39m
rendering chunks...
computing gzip size...
[2mdist/[22m[32mindex.html                            [39m[1m[2m    3.13 kB[22m[1m[22m[2m │ gzip:   1.11 kB[22m
[2mdist/[22m[32massets/simulation.worker-hopSbuhZ.js  [39m[1m[2m    5.19 kB[22m[1m[22m
[2mdist/[22m[35massets/index-DmZC3tki.css             [39m[1m[2m  175.84 kB[22m[1m[22m[2m │ gzip:  22.47 kB[22m
[2mdist/[22m[36massets/index-Bwc5xnij.js              [39m[1m[33m1,562.54 kB[39m[22m[2m │ gzip: 432.79 kB[22m
[33m
(!) Some chunks are larger than 500 kB after minification. Consider:
- Using dynamic import() to code-split the application
- Use build.rollupOptions.output.manualChunks to improve chunking: https://rollupjs.org/configuration-options/#output-manualchunks
- Adjust chunk size limit for this warning via build.chunkSizeWarningLimit.[39m
[32m✓ built in 11.42s[39m
🗺️  Generating sitemap (URL validation disabled to prevent redirect loops)...

✅ Added: /
✅ Added: /builder
✅ Added: /card-search
✅ Added: /commander-ai
✅ Added: /tutor-ai
✅ Added: /how-to-play
✅ Added: /blog
✅ Added: /contact
✅ Added: /socials
✅ Added: /legal
✅ Added: /login
✅ Added: /register
✅ Added: /about
✅ Added: /profile
✅ Added: /decks
✅ Added: /debug
📝 Added: /blog/sample-post (template)
📝 Added: /decks/sample-deck (template)

==================================================
SITEMAP GENERATION SUMMARY:
==================================================
✅ Valid pages added: 18
❌ Invalid pages skipped: 0
📄 Sitemap generated at: dist/sitemap.xml
🌐 Base URL: https://aidecktutor.com
⚠️  Note: URL validation disabled to prevent redirect loops
